[
  {
    "type":"npm",
    "namespace":null,
    "name":"2112",
    "version":"2.1.12",
    "qualifiers":{},
    "subpath":null,
    "primary_language":"JavaScript",
    "description":"Zshhweiiiiiiiinnngggg PA-RAM",
    "release_date":null,
    "parties":[
      {
        "type":"person",
        "role":"author",
        "name":"Leandro Ostera",
        "email":"leandro@ostera.io",
        "url":null
      },
      {
        "type":"person",
        "role":"maintainer",
        "name":"leostera",
        "email":"leandro@ostera.io",
        "url":null
      }
    ],
    "keywords":[
      "rush",
      "2112"
    ],
    "homepage_url":"https://github.com/ostera/2112#readme",
    "download_url":"https://registry.npmjs.org/2112/-/2112-2.1.12.tgz",
    "size":null,
    "sha1":"98647bbba1111a3511783c48c35556191d0c71f0",
    "md5":null,
    "sha256":null,
    "sha512":null,
    "bug_tracking_url":"https://github.com/ostera/2112/issues",
    "code_view_url":null,
    "vcs_url":"git+https://github.com/ostera/2112.git",
    "copyright":null,
    "license_expression":"mit",
    "declared_license":[
      "MIT"
    ],
    "notice_text":null,
    "source_packages":[],
    "file_references":[],
    "extra_data":{},
    "dependencies":[],
    "repository_homepage_url":"https://www.npmjs.com/package/2112",
    "repository_download_url":"https://registry.npmjs.org/2112/-/2112-2.1.12.tgz",
    "api_data_url":"https://registry.npmjs.org/2112/2.1.12",
    "datasource_id":"npm_package_json",
    "purl":"pkg:npm/2112@2.1.12"
  }
]