{u'Uploaders': u'Bertrand Marc <beberking@gmail.com>, Miriam Ruiz <little_miry@yahoo.es>', u'Binary': u'7kaa, 7kaa-dbg', u'Maintainer': u'Debian Games Team <pkg-games-devel@lists.alioth.debian.org>', u'Vcs-Svn': u'svn://svn.debian.org/svn/pkg-games/packages/trunk/7kaa/', u'Format': u'3.0 (quilt)', u'Build-Depends': u'debhelper (>= 7.0.50~), dh-buildinfo, quilt, autotools-dev, libsdl1.2-dev, libsdl-net1.2-dev, libopenal-dev', u'Source': u'7kaa', u'Version': u'2.14.3-1', u'Standards-Version': u'3.9.1', u'Architecture': u'i386 amd64', u'Files': u'\n 145090c391a4c843500bde399b19ba9b 1181479 7kaa_2.14.3.orig.tar.bz2\n d715325e617736f540c4fb55bf067936 10281 7kaa_2.14.3-1.debian.tar.bz2', u'Checksums-Sha1': u'\n 0926383fc32ad0b0af780edf575fb170a00c8d30 1181479 7kaa_2.14.3.orig.tar.bz2\n 1155bc0deb690f449b9854a46c3d6d1c1cbacc13 10281 7kaa_2.14.3-1.debian.tar.bz2', u'Vcs-Browser': u'http://svn.debian.org/wsvn/pkg-games/packages/trunk/7kaa/', u'Homepage': u'http://www.7kfans.com/', u'Checksums-Sha256': u'\n 9d3ba6e4d72495cf83eec922714f818c68974e9ad62e934608676d93a4b48aef 1181479 7kaa_2.14.3.orig.tar.bz2\n 2b84f348870bd71ff1400aafa71377345dfa329e709c0b78c77a7930d823b596 10281 7kaa_2.14.3-1.debian.tar.bz2'}
