[
  {
    "type":"sourceforge",
    "namespace":null,
    "name":"odanur",
    "version":null,
    "qualifiers":{},
    "subpath":null,
    "primary_language":null,
    "description":"home library administrator",
    "release_date":null,
    "parties":[
      {
        "type":null,
        "role":"contributor",
        "name":"Ignacio Perez Laborda",
        "email":null,
        "url":"https://sourceforge.net/u/ignaciopl/"
      }
    ],
    "keywords":null,
    "homepage_url":"",
    "download_url":null,
    "size":null,
    "sha1":null,
    "md5":null,
    "sha256":null,
    "sha512":null,
    "bug_tracking_url":null,
    "code_view_url":null,
    "vcs_url":null,
    "copyright":null,
    "license_expression":null,
    "declared_license":null,
    "notice_text":null,
    "source_packages":[],
    "extra_data":{},
    "repository_homepage_url":null,
    "repository_download_url":null,
    "api_data_url":null,
    "package_uid":"pkg:sourceforge/odanur?uuid=fixed-uid-done-for-testing-5642512d1758",
    "datafile_paths":[],
    "datasource_ids":[],
    "purl":"pkg:sourceforge/odanur"
  }
]