[
  {
    "type": "maven",
    "namespace": "",
    "name": "foo",
    "version": "",
    "qualifiers": "",
    "subpath": "",
    "primary_language": null,
    "description": null,
    "release_date": null,
    "parties": [],
    "keywords": [],
    "homepage_url": null,
    "download_url": "http://example.com",
    "size": null,
    "md5": null,
    "sha1": null,
    "sha256": null,
    "sha512": null,
    "bug_tracking_url": null,
    "code_view_url": null,
    "vcs_url": null,
    "copyright": null,
    "license_expression": "apache and unknown",
    "declared_license": null,
    "notice_text": null,
    "source_packages": [],
    "extra_data": {},
    "api_data_url": null,
    "datasource_id": null,
    "purl": "pkg:maven/foo",
    "manifest_path": null,
    "contains_source_code": null,
    "file_references": [],
    "dependencies": []
  }
]